// Jest Snapshot v1, https://goo.gl/fbAQLP

exports[`should render the Navbar component 1`] = `
<nav
  className="navbar"
>
  <div
    className="logo"
  >
    <img
      alt="Logo"
      className="logo-image"
      src="planet.png"
    />
    <h1>
      Space Travelers\` Hub
    </h1>
  </div>
  <div
    className="nav-links"
  >
    <ul
      className="menu-list"
    >
      <li
        className="list-item"
      >
        <a
          href="/"
          onClick={[Function]}
        >
          Rockets
        </a>
      </li>
      <li
        className="list-item"
      >
        <a
          href="/missions"
          onClick={[Function]}
        >
          Missions
        </a>
      </li>
      <li
        className="list-item"
      >
        <a
          href="/profile"
          onClick={[Function]}
        >
          Profile
        </a>
      </li>
    </ul>
  </div>
  <a
    aria-current="page"
    className="active"
    href="/"
    onClick={[Function]}
  />
</nav>
`;
